// Jest Snapshot v1, https://goo.gl/fbAQLP

exports[`PercentIndicator page components PercentIndicatorContainer renders correctly 1`] = `
<DocumentFragment>
  .emotion-0 {
  display: -webkit-box;
  display: -webkit-flex;
  display: -ms-flexbox;
  display: flex;
  -webkit-align-items: center;
  -webkit-box-align: center;
  -ms-flex-align: center;
  align-items: center;
  gap: 2px;
}

<div
    class="emotion-0"
  />
</DocumentFragment>
`;

exports[`PercentIndicator page components PercentIndicatorTriangle renders correctly 1`] = `
<DocumentFragment>
  .emotion-0 {
  width: 0;
  height: 0;
  border-left: 5px solid transparent;
  border-right: 5px solid transparent;
  border-bottom-style: solid;
  border-bottom-width: 10px;
  border-bottom-color: #EA7465;
  rotate: 180deg;
}

<div
    class="emotion-0"
  />
</DocumentFragment>
`;

exports[`PercentIndicator page components PercentIndicatorValue renders correctly 1`] = `
<DocumentFragment>
  .emotion-0 {
  font-family: var(--font-sf-pro-rounded);
  font-size: 14px;
  font-weight: 600;
  line-height: 20px;
  color: #EA7465;
}

<p
    class="emotion-0"
  />
</DocumentFragment>
`;
